// Jest Snapshot v1, https://goo.gl/fbAQLP

exports[`should render NotFoundPage correctly 1`] = `
<div>
  404! This page is not found.
  <Link
    replace={false}
    to="/dashboard"
  >
    Go home
  </Link>
</div>
`;
